warning: Git tree '/home/lucasgmf/nixos' is dirty
building the system configuration...
warning: Git tree '/home/lucasgmf/nixos' is dirty
evaluation warning: lucasgmf profile: theme-script.nix - PACKAGES LIST: /nix/store/gzbdax2wksqxlq9h6sci846sd08llzma-python3.13-pywal-3.3.0 /nix/store/x60ccfr9gd8dqm91aqz8x5s8dhsdvr69-imagemagick-7.1.2-12
evaluation warning: lucasgmf profile: Secrets directory exists: 1
evaluation warning: lucasgmf profile: Secret modules found: 1
evaluation warning: lucasgmf profile: Secret files: /nix/store/56xzr8a85adbr1w40vp2j8x7siw3bk5j-source/theme-script.nix
evaluation warning: lucasgmf profile: You have set either `nixpkgs.config` or `nixpkgs.overlays` while using `home-manager.useGlobalPkgs`.
                    This will soon not be possible. Please remove all `nixpkgs` options when using `home-manager.useGlobalPkgs`.
these 5 derivations will be built:
  /nix/store/yvpp5jvc5xyimvcs7yaajrjkaqyms4f7-unit-home-manager-lucasgmf.service.drv
  /nix/store/1jgf1zjlqhbh73y6yzdq7xlgk3fjjqyi-system-units.drv
  /nix/store/mn37hkg5klvv0jdqg4gymqdm1jm5jyk4-etc.drv
  /nix/store/0051lk19gcqqksqniz6im4fshd9iydh7-activate.drv
  /nix/store/39aln96izm1zgmhlzfzivdb1wkqgi90r-nixos-system-nix-laptop-26.05.20260204.00c21e4.drv
building '/nix/store/yvpp5jvc5xyimvcs7yaajrjkaqyms4f7-unit-home-manager-lucasgmf.service.drv'...
building '/nix/store/1jgf1zjlqhbh73y6yzdq7xlgk3fjjqyi-system-units.drv'...
building '/nix/store/mn37hkg5klvv0jdqg4gymqdm1jm5jyk4-etc.drv'...
building '/nix/store/0051lk19gcqqksqniz6im4fshd9iydh7-activate.drv'...
building '/nix/store/39aln96izm1zgmhlzfzivdb1wkqgi90r-nixos-system-nix-laptop-26.05.20260204.00c21e4.drv'...
Checking switch inhibitors... done
activating the configuration...
setting up /etc...
reloading user units for lucasgmf...
restarting sysinit-reactivation.target
restarting the following units: home-manager-lucasgmf.service
the following new units were started: NetworkManager-dispatcher.service
Done. The new configuration is /nix/store/ismymcf920i20r1y74mk0i2g802kv1jm-nixos-system-nix-laptop-26.05.20260204.00c21e4
